01-06 20:41:17.223 18367 18367 W ChartDebug: Empty range! Size=3347 Start=2871 End=2871 Viewport=1767515283384..1767536883384 Search=1767510963384..1767541203384
01-06 20:41:18.165 18367 18367 W ChartDebug: Empty range! Size=3347 Start=2871 End=2871 Viewport=1767515283384..1767536883384 Search=1767510963384..1767541203384
01-06 20:41:18.175 18367 18367 W ChartDebug: Empty range! Size=3347 Start=2871 End=2871 Viewport=1767515283384..1767536883384 Search=1767510963384..1767541203384
01-06 20:41:18.456 18367 18367 W ChartDebug: Empty range! Size=3347 Start=2871 End=2871 Viewport=1767515283384..1767536883384 Search=1767510963384..1767541203384
01-06 20:41:18.463 18367 18367 W ChartDebug: Empty range! Size=3347 Start=2871 End=2871 Viewport=1767515283384..1767536883384 Search=1767510963384..1767541203384
01-06 20:41:19.514 18367 18367 W ChartDebug: Empty range! Size=3347 Start=2871 End=2871 Viewport=1767515283384..1767536883384 Search=1767510963384..1767541203384
01-06 20:41:19.540 18367 18367 W ChartDebug: Empty range! Size=475 Start=0 End=0 Viewport=1767515283384..1767536883384 Search=1767510963384..1767541203384
01-06 20:41:19.546 18367 18367 W ChartDebug: Empty range! Size=475 Start=0 End=0 Viewport=1767516439186..1767535727582 Search=1767512581507..1767539585261
01-06 20:41:19.556 18367 18367 W ChartDebug: Empty range! Size=475 Start=0 End=0 Viewport=1767517556437..1767534610331 Search=1767514145659..1767538021109
01-06 20:41:19.572 18367 18367 W ChartDebug: Empty range! Size=475 Start=0 End=0 Viewport=1767518571922..1767533594846 Search=1767515567338..1767536599430
01-06 20:41:19.578 18367 18367 W ChartDebug: Empty range! Size=475 Start=0 End=0 Viewport=1767519523815..1767532642953 Search=1767516899988..1767535266780
01-06 20:41:19.584 18367 18367 W ChartDebug: Empty range! Size=475 Start=0 End=0 Viewport=1767520472168..1767531694600 Search=1767518227682..1767533939086
01-06 20:41:19.589 18367 18367 W ChartDebug: Empty range! Size=475 Start=0 End=0 Viewport=1767521192617..1767530974151 Search=1767519236310..1767532930458
01-06 20:41:19.595 18367 18367 W ChartDebug: Empty range! Size=475 Start=0 End=0 Viewport=1767521799709..1767530367059 Search=1767520086239..1767532080529
01-06 20:41:19.604 18367 18367 W ChartDebug: Empty range! Size=475 Start=0 End=0 Viewport=1767522358862..1767529807906 Search=1767520869054..1767531297714
01-06 20:41:19.612 18367 18367 W ChartDebug: Empty range! Size=475 Start=0 End=0 Viewport=1767522759599..1767529407169 Search=1767521430085..1767530736683
01-06 20:41:19.620 18367 18367 W ChartDebug: Empty range! Size=475 Start=0 End=0 Viewport=1767523083413..1767529083355 Search=1767521883425..1767530283343
01-06 20:41:19.628 18367 18367 W ChartDebug: Empty range! Size=475 Start=0 End=0 Viewport=1767523371327..1767528795441 Search=1767522286505..1767529880263
01-06 20:41:19.636 18367 18367 W ChartDebug: Empty range! Size=475 Start=0 End=0 Viewport=1767523571790..1767528594978 Search=1767522567153..1767529599615
01-06 20:41:19.645 18367 18367 W ChartDebug: Empty range! Size=475 Start=0 End=0 Viewport=1767523730178..1767528436590 Search=1767522788896..1767529377872
01-06 20:41:19.653 18367 18367 W ChartDebug: Empty range! Size=475 Start=0 End=0 Viewport=1767523868213..1767528298555 Search=1767522982145..1767529184623
01-06 20:41:19.661 18367 18367 W ChartDebug: Empty range! Size=475 Start=0 End=0 Viewport=1767523962674..1767528204094 Search=1767523114390..1767529052378
01-06 20:41:19.670 18367 18367 W ChartDebug: Empty range! Size=475 Start=0 End=0 Viewport=1767524036272..1767528130496 Search=1767523217428..1767528949340
01-06 20:41:19.678 18367 18367 W ChartDebug: Empty range! Size=475 Start=0 End=0 Viewport=1767524099590..1767528067178 Search=1767523306073..1767528860695
01-06 20:41:19.690 18367 18367 W ChartDebug: Empty range! Size=475 Start=0 End=0 Viewport=1767524142424..1767528024344 Search=1767523366040..1767528800728
01-06 20:41:19.698 18367 18367 W ChartDebug: Empty range! Size=475 Start=0 End=0 Viewport=1767524175481..1767527991287 Search=1767523412320..1767528754448
01-06 20:41:19.706 18367 18367 W ChartDebug: Empty range! Size=3347 Start=2871 End=2871 Viewport=1767524203664..1767527963104 Search=1767523451776..1767528714992
01-06 20:41:19.712 18367 18367 W ChartDebug: Empty range! Size=3347 Start=2871 End=2871 Viewport=1767524222575..1767527944193 Search=1767523478252..1767528688516
01-06 20:41:19.719 18367 18367 W ChartDebug: Empty range! Size=3347 Start=2871 End=2871 Viewport=1767524237068..1767527929700 Search=1767523498542..1767528668226
01-06 20:41:19.729 18367 18367 W ChartDebug: Empty range! Size=3347 Start=2871 End=2871 Viewport=1767524249342..1767527917426 Search=1767523515726..1767528651042
01-06 20:41:19.736 18367 18367 W ChartDebug: Empty range! Size=3347 Start=2871 End=2871 Viewport=1767524257527..1767527909241 Search=1767523527185..1767528639583
01-06 20:41:19.745 18367 18367 W ChartDebug: Empty range! Size=3347 Start=2871 End=2871 Viewport=1767524263768..1767527903000 Search=1767523535922..1767528630846
01-06 20:41:19.753 18367 18367 W ChartDebug: Empty range! Size=3347 Start=2871 End=2871 Viewport=1767524269026..1767527897742 Search=1767523543283..1767528623485
01-06 20:41:19.764 18367 18367 W ChartDebug: Empty range! Size=3347 Start=2871 End=2871 Viewport=1767524272515..1767527894253 Search=1767523548168..1767528618600
01-06 20:41:19.770 18367 18367 W ChartDebug: Empty range! Size=3347 Start=2871 End=2871 Viewport=1767524275165..1767527891603 Search=1767523551878..1767528614890
01-06 20:41:19.784 18367 18367 W ChartDebug: Empty range! Size=3347 Start=2871 End=2871 Viewport=1767524277388..1767527889380 Search=1767523554990..1767528611778
01-06 20:41:19.792 18367 18367 W ChartDebug: Empty range! Size=3347 Start=2871 End=2871 Viewport=1767524278858..1767527887910 Search=1767523557048..1767528609720
01-06 20:41:19.795 18367 18367 W ChartDebug: Empty range! Size=3347 Start=2871 End=2871 Viewport=1767524279971..1767527886797 Search=1767523558606..1767528608162
01-06 20:41:19.802 18367 18367 W ChartDebug: Empty range! Size=3347 Start=2871 End=2871 Viewport=1767524280901..1767527885867 Search=1767523559908..1767528606860
01-06 20:41:19.814 18367 18367 W ChartDebug: Empty range! Size=3347 Start=2871 End=2871 Viewport=1767524281514..1767527885254 Search=1767523560766..1767528606002
01-06 20:41:19.820 18367 18367 W ChartDebug: Empty range! Size=3347 Start=2871 End=2871 Viewport=1767524281977..1767527884791 Search=1767523561414..1767528605354
01-06 20:41:19.828 18367 18367 W ChartDebug: Empty range! Size=3347 Start=2871 End=2871 Viewport=1767524282363..1767527884405 Search=1767523561955..1767528604813
01-06 20:41:19.836 18367 18367 W ChartDebug: Empty range! Size=3347 Start=2871 End=2871 Viewport=1767524282617..1767527884151 Search=1767523562310..1767528604458
01-06 20:41:19.844 18367 18367 W ChartDebug: Empty range! Size=3347 Start=2871 End=2871 Viewport=1767524282808..1767527883960 Search=1767523562578..1767528604190
01-06 20:41:19.851 18367 18367 W ChartDebug: Empty range! Size=3347 Start=2871 End=2871 Viewport=1767524282967..1767527883801 Search=1767523562800..1767528603968
01-06 20:41:19.868 18367 18367 W ChartDebug: Empty range! Size=3347 Start=2871 End=2871 Viewport=1767524283071..1767527883697 Search=1767523562946..1767528603822
01-06 20:41:19.873 18367 18367 W ChartDebug: Empty range! Size=3347 Start=2871 End=2871 Viewport=1767524283149..1767527883619 Search=1767523563055..1767528603713
01-06 20:41:19.879 18367 18367 W ChartDebug: Empty range! Size=3347 Start=2871 End=2871 Viewport=1767524283215..1767527883553 Search=1767523563148..1767528603620
01-06 20:41:19.905 18367 18367 W ChartDebug: Empty range! Size=3347 Start=2871 End=2871 Viewport=1767524283257..1767527883511 Search=1767523563207..1767528603561
01-06 20:41:19.906 18367 18367 D WindowOnBackDispatcher: setTopOnBackInvokedCallback (unwrapped): android.app.Dialog$$ExternalSyntheticLambda2@7b44579
01-06 20:41:19.906 18367 18367 D WindowOnBackDispatcher: setTopOnBackInvokedCallback (unwrapped): androidx.activity.OnBackPressedDispatcher$Api34Impl$createOnBackAnimationCallback$1@982a2be
01-06 20:41:20.036 18367 18367 W ChartDebug: Empty range! Size=3347 Start=2871 End=2871 Viewport=1767524283384..1767527883384 Search=1767523563384..1767528603384
01-06 20:41:20.044 18367 18367 W ChartDebug: Empty range! Size=3347 Start=2871 End=2871 Viewport=1767524283384..1767527883384 Search=1767523563384..1767528603384
01-06 20:41:20.051 18367 18367 W ChartDebug: Empty range! Size=3347 Start=2871 End=2871 Viewport=1767524283384..1767527883384 Search=1767523563384..1767528603384
01-06 20:41:20.068 18367 18367 W ChartDebug: Empty range! Size=3347 Start=2871 End=2871 Viewport=1767524283384..1767527883384 Search=1767523563384..1767528603384
01-06 20:41:20.077 18367 18367 D InsetsController: hide(ime())
01-06 20:41:20.077 18367 18367 I ImeTracker: tk.glucodata.ng.debug:72563950: onCancelled at PHASE_CLIENT_ALREADY_HIDDEN
01-06 20:41:20.094 18367 18367 W ChartDebug: Empty range! Size=3347 Start=2871 End=2871 Viewport=1767524283384..1767527883384 Search=1767523563384..1767528603384
01-06 20:41:21.557 18367 18367 D InsetsController: show(ime())
01-06 20:41:21.557 18367 18367 I ImeTracker: tk.glucodata.ng.debug:f3860602: onRequestShow at ORIGIN_CLIENT reason SHOW_SOFT_INPUT_BY_INSETS_API fromUser false userId 0 displayId 0
01-06 20:41:21.557 18367 18367 D InsetsController: Setting requestedVisibleTypes to 511 (was 503)
01-06 20:41:21.565 18367 18367 I AssistStructure: Flattened final assist data: 1088 bytes, containing 2 windows, 7 views
01-06 20:41:21.573 18367 18367 I ImeTracker: tk.glucodata.ng.debug:9b195a46: onRequestShow at ORIGIN_CLIENT reason SHOW_SOFT_INPUT fromUser false userId 0 displayId 0
01-06 20:41:21.573 18367 18367 D InsetsController: show(ime())
01-06 20:41:21.573 18367 18367 I ImeTracker: tk.glucodata.ng.debug:9b195a46: onCancelled at PHASE_CLIENT_REPORT_REQUESTED_VISIBLE_TYPES
01-06 20:41:21.601 18367 18367 D Autofill Status: Autofill popup isn't shown because autofill is not available.
01-06 20:41:21.601 18367 18367 D Autofill Status: 
01-06 20:41:21.601 18367 18367 D Autofill Status: Did you set up autofill?
01-06 20:41:21.601 18367 18367 D Autofill Status: 1. Go to Settings > System > Languages&input > Advanced > Autofill Service
01-06 20:41:21.601 18367 18367 D Autofill Status: 2. Pick a service
01-06 20:41:21.601 18367 18367 D Autofill Status: 
01-06 20:41:21.601 18367 18367 D Autofill Status: Did you add an account?
01-06 20:41:21.601 18367 18367 D Autofill Status: 1. Go to Settings > System > Languages&input > Advanced
01-06 20:41:21.601 18367 18367 D Autofill Status: 2. Click on the settings icon next to the Autofill Service
01-06 20:41:21.601 18367 18367 D Autofill Status: 3. Add your account
01-06 20:41:21.616 18367 18367 W RemoteInputConnectionImpl: requestCursorUpdates on inactive InputConnection
01-06 20:41:21.621 18367 18367 D WindowOnBackDispatcher: setTopOnBackInvokedCallback (unwrapped): android.view.ImeBackAnimationController@608d398
01-06 20:41:21.652 18367 18367 D VRI[MainActivity]: WindowInsets changed: ime:[0,0,0,1122] 
01-06 20:41:21.953 18367 18367 I ImeTracker: tk.glucodata.ng.debug:f3860602: onShown
01-06 20:41:22.490 18367 18367 I ImeTracker: tk.glucodata.ng.debug:b6421e8: onCancelled at PHASE_CLIENT_ON_CONTROLS_CHANGED
01-06 20:41:22.503 18367 18367 I ImeTracker: system_server:f76031c4: onCancelled at PHASE_CLIENT_ON_CONTROLS_CHANGED
01-06 20:41:22.515 18367 18367 I ImeTracker: system_server:d0e5d66a: onCancelled at PHASE_CLIENT_ON_CONTROLS_CHANGED
01-06 20:41:22.527 18367 18367 I ImeTracker: system_server:cf8924be: onCancelled at PHASE_CLIENT_ON_CONTROLS_CHANGED
01-06 20:41:22.541 18367 18367 I ImeTracker: system_server:ba3bf533: onCancelled at PHASE_CLIENT_ON_CONTROLS_CHANGED
01-06 20:41:22.558 18367 18367 I ImeTracker: system_server:f6976443: onCancelled at PHASE_CLIENT_ON_CONTROLS_CHANGED
01-06 20:41:22.594 18367 18367 I ImeTracker: system_server:81ecc6fa: onCancelled at PHASE_CLIENT_ON_CONTROLS_CHANGED
01-06 20:41:22.614 18367 18367 I ImeTracker: system_server:6456198e: onCancelled at PHASE_CLIENT_ON_CONTROLS_CHANGED
01-06 20:41:22.625 18367 18367 I ImeTracker: system_server:ee182095: onCancelled at PHASE_CLIENT_ON_CONTROLS_CHANGED
01-06 20:41:22.637 18367 18367 I ImeTracker: system_server:bde66335: onCancelled at PHASE_CLIENT_ON_CONTROLS_CHANGED
01-06 20:41:22.648 18367 18367 I ImeTracker: system_server:8c91ac4b: onCancelled at PHASE_CLIENT_ON_CONTROLS_CHANGED
01-06 20:41:22.661 18367 18367 I ImeTracker: system_server:cab5baf4: onCancelled at PHASE_CLIENT_ON_CONTROLS_CHANGED
01-06 20:41:22.676 18367 18367 I ImeTracker: system_server:53241215: onCancelled at PHASE_CLIENT_ON_CONTROLS_CHANGED
01-06 20:41:22.689 18367 18367 I ImeTracker: system_server:b06c8883: onCancelled at PHASE_CLIENT_ON_CONTROLS_CHANGED
01-06 20:41:22.711 18367 18367 I ImeTracker: system_server:e15ff15: onCancelled at PHASE_CLIENT_ON_CONTROLS_CHANGED
01-06 20:41:22.725 18367 18367 I ImeTracker: system_server:646e7ed8: onCancelled at PHASE_CLIENT_ON_CONTROLS_CHANGED
01-06 20:41:22.738 18367 18367 I ImeTracker: system_server:aeb4892a: onCancelled at PHASE_CLIENT_ON_CONTROLS_CHANGED
01-06 20:41:22.753 18367 18367 I ImeTracker: system_server:afd02f0a: onCancelled at PHASE_CLIENT_ON_CONTROLS_CHANGED
01-06 20:41:22.770 18367 18367 I ImeTracker: system_server:4553f40c: onCancelled at PHASE_CLIENT_ON_CONTROLS_CHANGED
01-06 20:41:22.784 18367 18367 I ImeTracker: system_server:a7f4a8f6: onCancelled at PHASE_CLIENT_ON_CONTROLS_CHANGED
01-06 20:41:22.799 18367 18367 I ImeTracker: system_server:2b9f6ef3: onCancelled at PHASE_CLIENT_ON_CONTROLS_CHANGED
01-06 20:41:22.813 18367 18367 I ImeTracker: system_server:56d7cf8e: onCancelled at PHASE_CLIENT_ON_CONTROLS_CHANGED
01-06 20:41:22.827 18367 18367 I ImeTracker: system_server:393ea7fa: onCancelled at PHASE_CLIENT_ON_CONTROLS_CHANGED
01-06 20:41:22.838 18367 18367 I ImeTracker: system_server:f4d141ed: onCancelled at PHASE_CLIENT_ON_CONTROLS_CHANGED
01-06 20:41:22.849 18367 18367 I ImeTracker: system_server:9fbfc1ab: onCancelled at PHASE_CLIENT_ON_CONTROLS_CHANGED
01-06 20:41:22.862 18367 18367 I ImeTracker: system_server:1c3e12b7: onCancelled at PHASE_CLIENT_ON_CONTROLS_CHANGED
01-06 20:41:22.873 18367 18367 I ImeTracker: system_server:8a0e1a7f: onCancelled at PHASE_CLIENT_ON_CONTROLS_CHANGED
01-06 20:41:22.891 18367 18367 I ImeTracker: system_server:f34d13a0: onCancelled at PHASE_CLIENT_ON_CONTROLS_CHANGED
01-06 20:41:22.903 18367 18367 I ImeTracker: system_server:b65c4b71: onCancelled at PHASE_CLIENT_ON_CONTROLS_CHANGED
01-06 20:41:22.920 18367 18367 I ImeTracker: system_server:f5da7dd9: onCancelled at PHASE_CLIENT_ON_CONTROLS_CHANGED
01-06 20:41:22.936 18367 18367 I ImeTracker: system_server:fec90b90: onCancelled at PHASE_CLIENT_ON_CONTROLS_CHANGED
01-06 20:41:22.949 18367 18367 I ImeTracker: system_server:bb679abc: onCancelled at PHASE_CLIENT_ON_CONTROLS_CHANGED
01-06 20:41:22.960 18367 18367 I ImeTracker: system_server:b341162c: onCancelled at PHASE_CLIENT_ON_CONTROLS_CHANGED
01-06 20:41:22.982 18367 18367 I ImeTracker: tk.glucodata.ng.debug:f3c04da2: onRequestHide at ORIGIN_CLIENT reason HIDE_SOFT_INPUT fromUser false userId 0 displayId 0
01-06 20:41:22.982 18367 18367 D InsetsController: hide(ime())
01-06 20:41:22.982 18367 18367 D WindowOnBackDispatcher: setTopOnBackInvokedCallback (unwrapped): androidx.activity.OnBackPressedDispatcher$Api34Impl$createOnBackAnimationCallback$1@982a2be
01-06 20:41:22.982 18367 18367 D InsetsController: Setting requestedVisibleTypes to 503 (was 511)
01-06 20:41:22.983 18367 18367 D InsetsController: hide(ime())
01-06 20:41:22.983 18367 18367 I ImeTracker: tk.glucodata.ng.debug:6d20d48c: onRequestHide at ORIGIN_CLIENT reason HIDE_SOFT_INPUT_BY_INSETS_API fromUser false userId 0 displayId 0
01-06 20:41:22.983 18367 18367 I ImeTracker: tk.glucodata.ng.debug:6d20d48c: onCancelled at PHASE_CLIENT_ALREADY_HIDDEN
01-06 20:41:22.999 18367 18367 I ImeTracker: system_server:bc8eab65: onCancelled at PHASE_CLIENT_ON_CONTROLS_CHANGED
01-06 20:41:23.008 18367 18367 I ImeTracker: system_server:40560852: onCancelled at PHASE_CLIENT_ON_CONTROLS_CHANGED
01-06 20:41:23.013 18367 18367 D VRI[MainActivity]: WindowInsets changed: ime:null 
01-06 20:41:23.024 18367 18367 I ImeTracker: system_server:4553bc72: onCancelled at PHASE_CLIENT_ON_CONTROLS_CHANGED
01-06 20:41:23.039 18367 18367 I ImeTracker: system_server:c7bf47e2: onCancelled at PHASE_CLIENT_ON_CONTROLS_CHANGED
01-06 20:41:23.051 18367 18367 I ImeTracker: system_server:39c4449e: onCancelled at PHASE_CLIENT_ON_CONTROLS_CHANGED
01-06 20:41:23.062 18367 18367 I ImeTracker: system_server:2f3b9239: onCancelled at PHASE_CLIENT_ON_CONTROLS_CHANGED
01-06 20:41:23.096 18367 18367 I ImeTracker: system_server:538c5c3e: onCancelled at PHASE_CLIENT_ON_CONTROLS_CHANGED
01-06 20:41:23.107 18367 18367 I ImeTracker: system_server:e334c52b: onCancelled at PHASE_CLIENT_ON_CONTROLS_CHANGED
01-06 20:41:23.117 18367 18367 I ImeTracker: system_server:4b5bb195: onCancelled at PHASE_CLIENT_ON_CONTROLS_CHANGED
01-06 20:41:23.129 18367 18367 I ImeTracker: system_server:2085a4c3: onCancelled at PHASE_CLIENT_ON_CONTROLS_CHANGED
01-06 20:41:23.144 18367 18367 I ImeTracker: system_server:d069c7d4: onCancelled at PHASE_CLIENT_ON_CONTROLS_CHANGED
01-06 20:41:23.162 18367 18367 I ImeTracker: system_server:cc4c83cf: onCancelled at PHASE_CLIENT_ON_CONTROLS_CHANGED
01-06 20:41:23.174 18367 18367 I ImeTracker: system_server:400b055c: onCancelled at PHASE_CLIENT_ON_CONTROLS_CHANGED
01-06 20:41:23.188 18367 18367 I ImeTracker: system_server:2793fd7b: onCancelled at PHASE_CLIENT_ON_CONTROLS_CHANGED
01-06 20:41:23.200 18367 18367 I ImeTracker: system_server:27cda0a5: onCancelled at PHASE_CLIENT_ON_CONTROLS_CHANGED
01-06 20:41:23.213 18367 18367 I ImeTracker: system_server:38cc9ac5: onCancelled at PHASE_CLIENT_ON_CONTROLS_CHANGED
01-06 20:41:23.227 18367 18367 I ImeTracker: system_server:c65fd8d8: onCancelled at PHASE_CLIENT_ON_CONTROLS_CHANGED
01-06 20:41:23.242 18367 18367 I ImeTracker: system_server:962cdf45: onCancelled at PHASE_CLIENT_ON_CONTROLS_CHANGED
01-06 20:41:23.257 18367 18367 I ImeTracker: system_server:45f9561a: onCancelled at PHASE_CLIENT_ON_CONTROLS_CHANGED
01-06 20:41:23.272 18367 18367 I ImeTracker: system_server:392d16f4: onCancelled at PHASE_CLIENT_ON_CONTROLS_CHANGED
01-06 20:41:23.292 18367 18367 I ImeTracker: system_server:93df77c9: onCancelled at PHASE_CLIENT_ON_CONTROLS_CHANGED
01-06 20:41:23.305 18367 18367 I ImeTracker: system_server:2c6f8ce8: onCancelled at PHASE_CLIENT_ON_CONTROLS_CHANGED
01-06 20:41:23.317 18367 18367 I ImeTracker: system_server:ff333373: onCancelled at PHASE_CLIENT_ON_CONTROLS_CHANGED
01-06 20:41:23.332 18367 18367 I ImeTracker: system_server:2665e5a: onCancelled at PHASE_CLIENT_ON_CONTROLS_CHANGED
01-06 20:41:23.364 18367 18367 I ImeTracker: system_server:e7c715d7: onCancelled at PHASE_CLIENT_ON_CONTROLS_CHANGED
01-06 20:41:23.378 18367 18367 I ImeTracker: system_server:19104f16: onCancelled at PHASE_CLIENT_ON_CONTROLS_CHANGED
01-06 20:41:23.389 18367 18367 I ImeTracker: system_server:8321f535: onCancelled at PHASE_CLIENT_ON_CONTROLS_CHANGED
01-06 20:41:23.399 18367 18367 I ImeTracker: system_server:70d3539b: onCancelled at PHASE_CLIENT_ON_CONTROLS_CHANGED
01-06 20:41:23.408 18367 18367 I ImeTracker: system_server:8a1683c: onCancelled at PHASE_CLIENT_ON_CONTROLS_CHANGED
01-06 20:41:23.419 18367 18367 I ImeTracker: system_server:f64994c4: onCancelled at PHASE_CLIENT_ON_CONTROLS_CHANGED
01-06 20:41:23.454 18367 18367 I ImeTracker: system_server:740562c6: onCancelled at PHASE_CLIENT_ON_CONTROLS_CHANGED
01-06 20:41:23.464 18367 18367 I ImeTracker: system_server:34cc7638: onCancelled at PHASE_CLIENT_ON_CONTROLS_CHANGED
01-06 20:41:23.474 18367 18367 I ImeTracker: system_server:b97815bf: onCancelled at PHASE_CLIENT_ON_CONTROLS_CHANGED
01-06 20:41:23.482 18367 18367 I ImeTracker: system_server:ac22ec6a: onCancelled at PHASE_CLIENT_ON_CONTROLS_CHANGED
01-06 20:41:23.491 18367 18367 I ImeTracker: system_server:5d33c10b: onCancelled at PHASE_CLIENT_ON_CONTROLS_CHANGED
01-06 20:41:23.500 18367 18367 I ImeTracker: system_server:316f5af0: onCancelled at PHASE_CLIENT_ON_CONTROLS_CHANGED
01-06 20:41:23.517 18367 18367 I ImeTracker: system_server:aeffddf3: onCancelled at PHASE_CLIENT_ON_CONTROLS_CHANGED
01-06 20:41:23.529 18367 18367 I ImeTracker: system_server:62328c7e: onCancelled at PHASE_CLIENT_ON_CONTROLS_CHANGED
01-06 20:41:23.545 18367 18367 I ImeTracker: system_server:4d61f166: onCancelled at PHASE_CLIENT_ON_CONTROLS_CHANGED
01-06 20:41:23.558 18367 18367 I ImeTracker: system_server:eb0d1de1: onCancelled at PHASE_CLIENT_ON_CONTROLS_CHANGED
01-06 20:41:23.571 18367 18367 I ImeTracker: system_server:42e59086: onCancelled at PHASE_CLIENT_ON_CONTROLS_CHANGED
01-06 20:41:23.582 18367 18367 I ImeTracker: system_server:99217914: onCancelled at PHASE_CLIENT_ON_CONTROLS_CHANGED
01-06 20:41:23.603 18367 18367 I ImeTracker: system_server:106fa710: onCancelled at PHASE_CLIENT_ON_CONTROLS_CHANGED
01-06 20:41:23.622 18367 18367 I ImeTracker: system_server:836a1420: onCancelled at PHASE_CLIENT_ON_CONTROLS_CHANGED
01-06 20:41:23.631 18367 18367 I ImeTracker: system_server:46b0ace2: onCancelled at PHASE_CLIENT_ON_CONTROLS_CHANGED
01-06 20:41:23.639 18367 18367 I ImeTracker: system_server:7890eae5: onCancelled at PHASE_CLIENT_ON_CONTROLS_CHANGED
01-06 20:41:23.650 18367 18367 I ImeTracker: system_server:e04e771d: onCancelled at PHASE_CLIENT_ON_CONTROLS_CHANGED
01-06 20:41:23.664 18367 18367 I ImeTracker: system_server:144cc3bf: onCancelled at PHASE_CLIENT_ON_CONTROLS_CHANGED
01-06 20:41:23.682 18367 18367 I ImeTracker: system_server:836fc740: onCancelled at PHASE_CLIENT_ON_CONTROLS_CHANGED
01-06 20:41:23.701 18367 18367 I ImeTracker: system_server:1b41201a: onCancelled at PHASE_CLIENT_ON_CONTROLS_CHANGED
01-06 20:41:23.711 18367 18367 I ImeTracker: system_server:ffad0918: onCancelled at PHASE_CLIENT_ON_CONTROLS_CHANGED
01-06 20:41:23.721 18367 18367 I ImeTracker: system_server:1ef5c9b3: onCancelled at PHASE_CLIENT_ON_CONTROLS_CHANGED
01-06 20:41:23.731 18367 18367 I ImeTracker: system_server:69ae9531: onCancelled at PHASE_CLIENT_ON_CONTROLS_CHANGED
01-06 20:41:23.741 18367 18367 I ImeTracker: system_server:19607ac4: onCancelled at PHASE_CLIENT_ON_CONTROLS_CHANGED
01-06 20:41:23.763 18367 18367 I ImeTracker: system_server:669a93f6: onCancelled at PHASE_CLIENT_ON_CONTROLS_CHANGED
01-06 20:41:23.775 18367 18367 I ImeTracker: system_server:6143dcc2: onCancelled at PHASE_CLIENT_ON_CONTROLS_CHANGED
01-06 20:41:23.788 18367 18367 I ImeTracker: system_server:193db10e: onCancelled at PHASE_CLIENT_ON_CONTROLS_CHANGED
01-06 20:41:23.796 18367 18367 I ImeTracker: system_server:44f3687f: onCancelled at PHASE_CLIENT_ON_CONTROLS_CHANGED
01-06 20:41:23.805 18367 18367 I ImeTracker: system_server:ff4330d: onCancelled at PHASE_CLIENT_ON_CONTROLS_CHANGED
01-06 20:41:25.456 18367 18367 D WindowOnBackDispatcher: setTopOnBackInvokedCallback (unwrapped): null
01-06 20:41:25.477 18367 18396 D HWUI    : endAllActiveAnimators on 0xb400007dbe7fe430 (UnprojectedRipple) with handle 0xb400007d6e76c8f0
01-06 20:41:25.477 18367 18396 D HWUI    : endAllActiveAnimators on 0xb400007dbe802490 (UnprojectedRipple) with handle 0xb400007d6e72d710
01-06 20:41:25.477 18367 18396 D HWUI    : endAllActiveAnimators on 0xb400007dbe6d6f10 (UnprojectedRipple) with handle 0xb400007d6e73e720
01-06 20:41:25.483 18367 18367 W InputEventReceiver: Failed to send outbound event on channel '864ddcd tk.glucodata.ng.debug/tk.glucodata.MainActivity'.  status=DEAD_OBJECT(-32)
01-06 20:41:25.483 18367 18367 W InputEventReceiver: channel '864ddcd tk.glucodata.ng.debug/tk.glucodata.MainActivity' ~ Could not send 0 outbound event(s), status:DEAD_OBJECT
01-06 20:41:25.488 18367 18367 W ChartDebug: Empty range! Size=3347 Start=844 End=844 Viewport=1766143800000..1766147400000 Search=1766143080000..1766148120000
01-06 20:41:26.100 18367 18367 W ChartDebug: Empty range! Size=3347 Start=844 End=844 Viewport=1766143761803..1766147361803 Search=1766143041803..1766148081803
01-06 20:41:26.113 18367 18367 W ChartDebug: Empty range! Size=3347 Start=844 End=844 Viewport=1766143698007..1766147298007 Search=1766142978007..1766148018007
01-06 20:41:26.124 18367 18367 W ChartDebug: Empty range! Size=3347 Start=844 End=844 Viewport=1766143623051..1766147223051 Search=1766142903051..1766147943051
01-06 20:41:26.136 18367 18367 W ChartDebug: Empty range! Size=3347 Start=844 End=844 Viewport=1766143479002..1766147079002 Search=1766142759002..1766147799002
01-06 20:41:26.139 18367 18367 W ChartDebug: Empty range! Size=3347 Start=844 End=844 Viewport=1766143281274..1766146881274 Search=1766142561274..1766147601274
01-06 20:41:26.144 18367 18367 W ChartDebug: Empty range! Size=3347 Start=844 End=844 Viewport=1766143096397..1766146696397 Search=1766142376397..1766147416397
01-06 20:41:26.154 18367 18367 W ChartDebug: Empty range! Size=3347 Start=844 End=844 Viewport=1766142902733..1766146502733 Search=1766142182733..1766147222733
01-06 20:41:26.162 18367 18367 W ChartDebug: Empty range! Size=3347 Start=844 End=844 Viewport=1766142742458..1766146342458 Search=1766142022458..1766147062458
01-06 20:41:26.170 18367 18367 W ChartDebug: Empty range! Size=3347 Start=844 End=844 Viewport=1766142592599..1766146192599 Search=1766141872599..1766146912599
01-06 20:41:26.180 18367 18367 W ChartDebug: Empty range! Size=3347 Start=844 End=844 Viewport=1766142435618..1766146035618 Search=1766141715618..1766146755618
01-06 20:41:26.187 18367 18367 W ChartDebug: Empty range! Size=3347 Start=844 End=844 Viewport=1766142305702..1766145905702 Search=1766141585702..1766146625702
01-06 20:41:26.195 18367 18367 W ChartDebug: Empty range! Size=3347 Start=844 End=844 Viewport=1766142184229..1766145784229 Search=1766141464229..1766146504229
01-06 20:41:26.206 18367 18367 W ChartDebug: Empty range! Size=3347 Start=844 End=844 Viewport=1766142056983..1766145656983 Search=1766141336983..1766146376983
01-06 20:41:26.214 18367 18367 W ChartDebug: Empty range! Size=3347 Start=844 End=844 Viewport=1766141951675..1766145551675 Search=1766141231675..1766146271675
01-06 20:41:26.220 18367 18367 W ChartDebug: Empty range! Size=3347 Start=844 End=844 Viewport=1766141853211..1766145453211 Search=1766141133211..1766146173211
01-06 20:41:26.228 18367 18367 W ChartDebug: Empty range! Size=3347 Start=844 End=844 Viewport=1766141750067..1766145350067 Search=1766141030067..1766146070067
01-06 20:41:26.236 18367 18367 W ChartDebug: Empty range! Size=3347 Start=844 End=844 Viewport=1766141664706..1766145264706 Search=1766140944706..1766145984706
01-06 20:41:26.245 18367 18367 W ChartDebug: Empty range! Size=3347 Start=844 End=844 Viewport=1766141584893..1766145184893 Search=1766140864893..1766145904893
01-06 20:41:26.254 18367 18367 W ChartDebug: Empty range! Size=3347 Start=844 End=844 Viewport=1766141501286..1766145101286 Search=1766140781286..1766145821286
01-06 20:41:26.262 18367 18367 W ChartDebug: Empty range! Size=3347 Start=844 End=844 Viewport=1766141432094..1766145032094 Search=1766140712094..1766145752094
01-06 20:41:26.269 18367 18367 W ChartDebug: Empty range! Size=3347 Start=844 End=844 Viewport=1766141367399..1766144967399 Search=1766140647399..1766145687399
01-06 20:41:26.278 18367 18367 W ChartDebug: Empty range! Size=3347 Start=844 End=844 Viewport=1766141299629..1766144899629 Search=1766140579629..1766145619629
01-06 20:41:26.286 18367 18367 W ChartDebug: Empty range! Size=3347 Start=844 End=844 Viewport=1766141243543..1766144843543 Search=1766140523543..1766145563543
01-06 20:41:26.306 18367 18367 W ChartDebug: Empty range! Size=3347 Start=844 End=844 Viewport=1766141243543..1766144843543 Search=1766140523543..1766145563543
01-06 20:41:26.314 18367 18367 W ChartDebug: Empty range! Size=3347 Start=844 End=844 Viewport=1766141243543..1766144843543 Search=1766140523543..1766145563543
01-06 20:41:27.688 18367 18367 D VRI[MainActivity]: visibilityChanged oldVisibility=true newVisibility=false
01-06 20:41:27.703 18367 18367 D WindowOnBackDispatcher: setTopOnBackInvokedCallback (unwrapped): android.app.Activity$$ExternalSyntheticLambda0@dc5402b
01-06 20:41:27.704 18367 18367 I AutofillManager: onInvisibleForAutofill(): expiringResponse
01-06 20:41:27.732 18367 18367 D WindowOnBackDispatcher: setTopOnBackInvokedCallback (unwrapped): null
01-06 20:41:27.734 18367 18367 D ViewRootImpl: Skipping stats log for color mode
01-06 20:41:29.512 18367 18367 D BluetoothGatt: cancelOpen() - device: XX:XX:XX:XX:31:57
01-06 20:41:29.518 18367 18367 D BluetoothGatt: close()
01-06 20:41:29.518 18367 18367 D BluetoothGatt: unregisterApp()
01-06 20:41:29.520 18367 18660 D BluetoothGatt: connect() - device: XX:XX:XX:XX:31:57, auto: false
01-06 20:41:29.520 18367 18660 D BluetoothGatt: registerApp() - UUID=040488bd-5fdf-4760-be92-db0968095d86
01-06 20:41:29.520 18367 18367 I ImeTracker: tk.glucodata.ng.debug:90ef86dc: onRequestHide at ORIGIN_CLIENT reason HIDE_SOFT_INPUT fromUser false userId 0 displayId 0
01-06 20:41:29.520 18367 18367 I ImeTracker: tk.glucodata.ng.debug:90ef86dc: onFailed at PHASE_CLIENT_VIEW_SERVED
01-06 20:41:29.535 18367 18388 D BluetoothGatt: onClientRegistered(0)
01-06 20:41:29.538 18367 18367 D WindowOnBackDispatcher: setTopOnBackInvokedCallback (unwrapped): android.app.Activity$$ExternalSyntheticLambda0@b1de7b8
01-06 20:41:29.542 18367 18388 D BluetoothGatt: onClientConnectionState() - status=0 connected=true device=XX:XX:XX:XX:31:57
01-06 20:41:29.542 18367 18367 E VibratorInfo: Invalid frequency profile received from HAL. resonantFrequencyHz=144.78448, frequenciesHz=null, outputAccelerationsGs=null
01-06 20:41:29.542 18367 18388 D BluetoothGatt: discoverServices() - device: XX:XX:XX:XX:31:57
01-06 20:41:29.548 18367 18367 D VRI[MainActivity]: WindowInsets changed: 1344x2992 statusBars:[0,151,0,0] navigationBars:[0,0,0,72] mandatorySystemGestures:[0,187,0,96] 
01-06 20:41:29.596 18367 18367 D WindowOnBackDispatcher: setTopOnBackInvokedCallback (unwrapped): androidx.activity.OnBackPressedDispatcher$Api34Impl$createOnBackAnimationCallback$1@c3797de
01-06 20:41:31.028 18367 18380 D BluetoothGatt: onConnectionUpdated() - device=XX:XX:XX:XX:31:57 interval=15 latency=0 timeout=500 status=0
01-06 20:41:31.537 18367 18367 W ChartDebug: Empty range! Size=3347 Start=2872 End=2872 Viewport=1767672344293..1767683144293 Search=1767670184293..1767685304293
01-06 20:41:31.546 18367 18367 W ChartDebug: Empty range! Size=3347 Start=2872 End=2872 Viewport=1767672030337..1767682830337 Search=1767669870337..1767684990337
01-06 20:41:31.554 18367 18367 W ChartDebug: Empty range! Size=3347 Start=2872 End=2872 Viewport=1767671736786..1767682536786 Search=1767669576786..1767684696786
01-06 20:41:31.562 18367 18367 W ChartDebug: Empty range! Size=3347 Start=2872 End=2872 Viewport=1767671429282..1767682229282 Search=1767669269282..1767684389282
01-06 20:41:31.574 18367 18367 W ChartDebug: Empty range! Size=3347 Start=2872 End=2872 Viewport=1767671174794..1767681974794 Search=1767669014794..1767684134794
01-06 20:41:31.586 18367 18367 W ChartDebug: Empty range! Size=3347 Start=2872 End=2872 Viewport=1767670936846..1767681736846 Search=1767668776846..1767683896846
01-06 20:41:31.596 18367 18367 W ChartDebug: Empty range! Size=3347 Start=2872 End=2872 Viewport=1767670687590..1767681487590 Search=1767668527590..1767683647590
01-06 20:41:31.602 18367 18367 W ChartDebug: Empty range! Size=3347 Start=2872 End=2872 Viewport=1767670481306..1767681281306 Search=1767668321306..1767683441306
01-06 20:41:31.605 18367 18367 W ChartDebug: Empty range! Size=3347 Start=2872 End=2872 Viewport=1767670288429..1767681088429 Search=1767668128429..1767683248429
01-06 20:41:31.611 18367 18367 W ChartDebug: Empty range! Size=3347 Start=2872 End=2872 Viewport=1767670086385..1767680886385 Search=1767667926385..1767683046385
01-06 20:41:31.620 18367 18367 W ChartDebug: Empty range! Size=3347 Start=2872 End=2872 Viewport=1767669919175..1767680719175 Search=1767667759175..1767682879175
01-06 20:41:31.629 18367 18367 W ChartDebug: Empty range! Size=3347 Start=2872 End=2872 Viewport=1767669762832..1767680562832 Search=1767667602832..1767682722832
01-06 20:41:31.637 18367 18367 W ChartDebug: Empty range! Size=3347 Start=2872 End=2872 Viewport=1767669599059..1767680399059 Search=1767667439059..1767682559059
01-06 20:41:31.646 18367 18367 W ChartDebug: Empty range! Size=3347 Start=2872 End=2872 Viewport=1767669463521..1767680263521 Search=1767667303521..1767682423521
01-06 20:41:31.654 18367 18367 W ChartDebug: Empty range! Size=3347 Start=2872 End=2872 Viewport=1767669336792..1767680136792 Search=1767667176792..1767682296792
01-06 20:41:31.660 18367 18380 D BluetoothGatt: onSearchComplete(XX:XX:XX:XX:31:57, _, 0)
01-06 20:41:31.661 18367 18380 D BluetoothGatt: setCharacteristicNotification() - uuid: 0000ff31-0000-1000-8000-00805f9b34fb enable: true
01-06 20:41:31.664 18367 18367 W ChartDebug: Empty range! Size=3347 Start=2872 End=2872 Viewport=1767669204040..1767680004040 Search=1767667044040..1767682164040
01-06 20:41:31.671 18367 18367 W ChartDebug: Empty range! Size=3347 Start=2872 End=2872 Viewport=1767669094175..1767679894175 Search=1767666934175..1767682054175
01-06 20:41:31.681 18367 18367 W ChartDebug: Empty range! Size=3347 Start=2872 End=2872 Viewport=1767668991451..1767679791451 Search=1767666831451..1767681951451
01-06 20:41:31.690 18367 18367 W ChartDebug: Empty range! Size=3347 Start=2872 End=2872 Viewport=1767668883844..1767679683844 Search=1767666723844..1767681843844
01-06 20:41:31.697 18367 18367 W ChartDebug: Empty range! Size=3347 Start=2872 End=2872 Viewport=1767668794789..1767679594789 Search=1767666634789..1767681754789
01-06 20:41:31.704 18367 18367 W ChartDebug: Empty range! Size=3347 Start=2872 End=2872 Viewport=1767668711523..1767679511523 Search=1767666551523..1767681671523
01-06 20:41:31.712 18367 18367 W ChartDebug: Empty range! Size=3347 Start=2872 End=2872 Viewport=1767668624299..1767679424299 Search=1767666464299..1767681584299
01-06 20:41:31.721 18367 18367 W ChartDebug: Empty range! Size=3347 Start=2872 End=2872 Viewport=1767668552113..1767679352113 Search=1767666392113..1767681512113
01-06 20:41:31.729 18367 18367 W ChartDebug: Empty range! Size=3347 Start=2872 End=2872 Viewport=1767668484619..1767679284619 Search=1767666324619..1767681444619
01-06 20:41:31.738 18367 18367 W ChartDebug: Empty range! Size=3347 Start=2872 End=2872 Viewport=1767668413916..1767679213916 Search=1767666253916..1767681373916
01-06 20:41:31.746 18367 18367 W ChartDebug: Empty range! Size=3347 Start=2872 End=2872 Viewport=1767668355403..1767679155403 Search=1767666195403..1767681315403
01-06 20:41:31.754 18367 18367 W ChartDebug: Empty range! Size=3347 Start=2872 End=2872 Viewport=1767668300693..1767679100693 Search=1767666140693..1767681260693
01-06 20:41:31.762 18367 18367 W ChartDebug: Empty range! Size=3347 Start=2872 End=2872 Viewport=1767668243383..1767679043383 Search=1767666083383..1767681203383
01-06 20:41:31.770 18367 18367 W ChartDebug: Empty range! Size=3347 Start=2872 End=2872 Viewport=1767668195953..1767678995953 Search=1767666035953..1767681155953
01-06 20:41:31.779 18367 18367 W ChartDebug: Empty range! Size=3347 Start=2872 End=2872 Viewport=1767668151606..1767678951606 Search=1767665991606..1767681111606
01-06 20:41:31.800 18367 18367 W ChartDebug: Empty range! Size=3347 Start=2872 End=2872 Viewport=1767668072259..1767678872259 Search=1767665912259..1767681032259
01-06 20:41:31.802 18367 18750 D BluetoothGatt: onConnectionUpdated() - device=XX:XX:XX:XX:31:57 interval=159 latency=0 timeout=400 status=0
01-06 20:41:31.811 18367 18367 W ChartDebug: Empty range! Size=3347 Start=2872 End=2872 Viewport=1767667860768..1767678660768 Search=1767665700768..1767680820768
01-06 20:41:31.817 18367 18367 W ChartDebug: Empty range! Size=3347 Start=2872 End=2872 Viewport=1767667609146..1767678409146 Search=1767665449146..1767680569146
01-06 20:41:31.823 18367 18367 W ChartDebug: Empty range! Size=3347 Start=2872 End=2872 Viewport=1767667341511..1767678141511 Search=1767665181511..1767680301511
01-06 20:41:31.829 18367 18367 W ChartDebug: Empty range! Size=3347 Start=2872 End=2872 Viewport=1767667083254..1767677883254 Search=1767664923254..1767680043254
01-06 20:41:31.838 18367 18367 W ChartDebug: Empty range! Size=3347 Start=2872 End=2872 Viewport=1767666836387..1767677636387 Search=1767664676387..1767679796387
01-06 20:41:31.847 18367 18367 W ChartDebug: Empty range! Size=3347 Start=2872 End=2872 Viewport=1767666756609..1767677556609 Search=1767664596609..1767679716609
01-06 20:41:31.854 18367 18367 W ChartDebug: Empty range! Size=3347 Start=2872 End=2872 Viewport=1767666225177..1767677025177 Search=1767664065177..1767679185177
01-06 20:41:31.862 18367 18367 W ChartDebug: Empty range! Size=3347 Start=2872 End=2872 Viewport=1767665728283..1767676528283 Search=1767663568283..1767678688283
01-06 20:41:31.870 18367 18367 W ChartDebug: Empty range! Size=3347 Start=2872 End=2872 Viewport=1767665207773..1767676007773 Search=1767663047773..1767678167773
01-06 20:41:31.879 18367 18367 W ChartDebug: Empty range! Size=3347 Start=2872 End=2872 Viewport=1767664777003..1767675577003 Search=1767662617003..1767677737003
01-06 20:41:31.887 18367 18367 W ChartDebug: Empty range! Size=3347 Start=2872 End=2872 Viewport=1767664374229..1767675174229 Search=1767662214229..1767677334229
01-06 20:41:31.895 18367 18367 W ChartDebug: Empty range! Size=3347 Start=2872 End=2872 Viewport=1767663952312..1767674752312 Search=1767661792312..1767676912312
01-06 20:41:31.904 18367 18367 W ChartDebug: Empty range! Size=3347 Start=2872 End=2872 Viewport=1767663603136..1767674403136 Search=1767661443136..1767676563136
01-06 20:41:31.912 18367 18367 W ChartDebug: Empty range! Size=3347 Start=2872 End=2872 Viewport=1767663276654..1767674076654 Search=1767661116654..1767676236654
01-06 20:41:31.924 18367 18367 W ChartDebug: Empty range! Size=3347 Start=2872 End=2872 Viewport=1767662934654..1767673734654 Search=1767660774654..1767675894654
01-06 20:41:31.935 18367 18367 W ChartDebug: Empty range! Size=3347 Start=2872 End=2872 Viewport=1767662651618..1767673451618 Search=1767660491618..1767675611618
01-06 20:41:31.943 18367 18367 W ChartDebug: Empty range! Size=3347 Start=2872 End=2872 Viewport=1767662386977..1767673186977 Search=1767660226977..1767675346977
01-06 20:41:31.948 18367 18367 W ChartDebug: Empty range! Size=3347 Start=2872 End=2872 Viewport=1767662109758..1767672909758 Search=1767659949758..1767675069758
01-06 20:41:31.953 18367 18367 W ChartDebug: Empty range! Size=3347 Start=2872 End=2872 Viewport=1767661880333..1767672680333 Search=1767659720333..1767674840333
01-06 20:41:31.962 18367 18367 W ChartDebug: Empty range! Size=3347 Start=2872 End=2872 Viewport=1767661665819..1767672465819 Search=1767659505819..1767674625819
01-06 20:41:31.971 18367 18367 W ChartDebug: Empty range! Size=3347 Start=2872 End=2872 Viewport=1767661441110..1767672241110 Search=1767659281110..1767674401110
01-06 20:41:31.979 18367 18367 W ChartDebug: Empty range! Size=3347 Start=2872 End=2872 Viewport=1767661255142..1767672055142 Search=1767659095142..1767674215142
01-06 20:41:31.987 18367 18367 W ChartDebug: Empty range! Size=3347 Start=2872 End=2872 Viewport=1767661081261..1767671881261 Search=1767658921261..1767674041261
01-06 20:41:31.995 18367 18367 W ChartDebug: Empty range! Size=3347 Start=2872 End=2872 Viewport=1767660899115..1767671699115 Search=1767658739115..1767673859115
01-06 20:41:32.006 18367 18367 W ChartDebug: Empty range! Size=3347 Start=2872 End=2872 Viewport=1767660748372..1767671548372 Search=1767658588372..1767673708372
01-06 20:41:32.014 18367 18367 W ChartDebug: Empty range! Size=3347 Start=2872 End=2872 Viewport=1767660607427..1767671407427 Search=1767658447427..1767673567427
01-06 20:41:32.023 18367 18367 W ChartDebug: Empty range! Size=3347 Start=2872 End=2872 Viewport=1767660459783..1767671259783 Search=1767658299783..1767673419783
01-06 20:41:32.029 18367 18367 W ChartDebug: Empty range! Size=3347 Start=2872 End=2872 Viewport=1767660337593..1767671137593 Search=1767658177593..1767673297593
01-06 20:41:32.037 18367 18367 W ChartDebug: Empty range! Size=3347 Start=2872 End=2872 Viewport=1767660223345..1767671023345 Search=1767658063345..1767673183345
01-06 20:41:32.045 18367 18367 W ChartDebug: Empty range! Size=3347 Start=2872 End=2872 Viewport=1767660103667..1767670903667 Search=1767657943667..1767673063667
01-06 20:41:32.054 18367 18367 W ChartDebug: Empty range! Size=3347 Start=2872 End=2872 Viewport=1767660004622..1767670804622 Search=1767657844622..1767672964622
01-06 20:41:32.062 18367 18367 W ChartDebug: Empty range! Size=3347 Start=2872 End=2872 Viewport=1767659912014..1767670712014 Search=1767657752014..1767672872014
01-06 20:41:32.070 18367 18367 W ChartDebug: Empty range! Size=3347 Start=2872 End=2872 Viewport=1767659815005..1767670615005 Search=1767657655005..1767672775005
01-06 20:41:32.079 18367 18367 W ChartDebug: Empty range! Size=3347 Start=2872 End=2872 Viewport=1767659734721..1767670534721 Search=1767657574721..1767672694721
01-06 20:41:32.087 18367 18367 W ChartDebug: Empty range! Size=3347 Start=2872 End=2872 Viewport=1767659659655..1767670459655 Search=1767657499655..1767672619655
01-06 20:41:32.095 18367 18367 W ChartDebug: Empty range! Size=3347 Start=2872 End=2872 Viewport=1767659581021..1767670381021 Search=1767657421021..1767672541021
01-06 20:41:32.104 18367 18367 W ChartDebug: Empty range! Size=3347 Start=2872 End=2872 Viewport=1767659515944..1767670315944 Search=1767657355944..1767672475944
01-06 20:41:32.112 18367 18367 W ChartDebug: Empty range! Size=3347 Start=2872 End=2872 Viewport=1767659455097..1767670255097 Search=1767657295097..1767672415097
01-06 20:41:32.120 18367 18367 W ChartDebug: Empty range! Size=3347 Start=2872 End=2872 Viewport=1767659391358..1767670191358 Search=1767657231358..1767672351358
01-06 20:41:32.129 18367 18367 W ChartDebug: Empty range! Size=3347 Start=2872 End=2872 Viewport=1767659338608..1767670138608 Search=1767657178608..1767672298608
01-06 20:41:32.137 18367 18367 W ChartDebug: Empty range! Size=3347 Start=2872 End=2872 Viewport=1767659289286..1767670089286 Search=1767657129286..1767672249286
01-06 20:41:32.146 18367 18367 W ChartDebug: Empty range! Size=3347 Start=2872 End=2872 Viewport=1767659237620..1767670037620 Search=1767657077620..1767672197620
01-06 20:41:32.153 18367 18367 W ChartDebug: Empty range! Size=3347 Start=2872 End=2872 Viewport=1767659194862..1767669994862 Search=1767657034862..1767672154862
01-06 20:41:32.162 18367 18367 W ChartDebug: Empty range! Size=3347 Start=2872 End=2872 Viewport=1767659154883..1767669954883 Search=1767656994883..1767672114883
01-06 20:41:32.170 18367 18367 W ChartDebug: Empty range! Size=3347 Start=2872 End=2872 Viewport=1767659113003..1767669913003 Search=1767656953003..1767672073003
01-06 20:41:32.180 18367 18367 W ChartDebug: Empty range! Size=3347 Start=2872 End=2872 Viewport=1767659078344..1767669878344 Search=1767656918344..1767672038344
01-06 20:41:32.187 18367 18367 W ChartDebug: Empty range! Size=3347 Start=2872 End=2872 Viewport=1767659045938..1767669845938 Search=1767656885938..1767672005938
01-06 20:41:32.195 18367 18367 W ChartDebug: Empty range! Size=3347 Start=2872 End=2872 Viewport=1767659011991..1767669811991 Search=1767656851991..1767671971991
01-06 20:41:32.203 18367 18367 W ChartDebug: Empty range! Size=3347 Start=2872 End=2872 Viewport=1767658983897..1767669783897 Search=1767656823897..1767671943897
01-06 20:41:32.215 18367 18367 W ChartDebug: Empty range! Size=3347 Start=2872 End=2872 Viewport=1767658957629..1767669757629 Search=1767656797629..1767671917629
01-06 20:41:32.224 18367 18367 W ChartDebug: Empty range! Size=3347 Start=2872 End=2872 Viewport=1767658930113..1767669730113 Search=1767656770113..1767671890113
01-06 20:41:32.230 18367 18367 W ChartDebug: Empty range! Size=3347 Start=2872 End=2872 Viewport=1767658907340..1767669707340 Search=1767656747340..1767671867340
01-06 20:41:32.237 18367 18367 W ChartDebug: Empty range! Size=3347 Start=2872 End=2872 Viewport=1767658886047..1767669686047 Search=1767656726047..1767671846047
01-06 20:41:32.245 18367 18367 W ChartDebug: Empty range! Size=3347 Start=2872 End=2872 Viewport=1767658863743..1767669663743 Search=1767656703743..1767671823743
01-06 20:41:32.254 18367 18367 W ChartDebug: Empty range! Size=3347 Start=2872 End=2872 Viewport=1767658845284..1767669645284 Search=1767656685284..1767671805284
01-06 20:41:32.262 18367 18367 W ChartDebug: Empty range! Size=3347 Start=2872 End=2872 Viewport=1767658828024..1767669628024 Search=1767656668024..1767671788024
01-06 20:41:32.270 18367 18367 W ChartDebug: Empty range! Size=3347 Start=2872 End=2872 Viewport=1767658809945..1767669609945 Search=1767656649945..1767671769945
01-06 20:41:32.279 18367 18367 W ChartDebug: Empty range! Size=3347 Start=2872 End=2872 Viewport=1767658794982..1767669594982 Search=1767656634982..1767671754982
01-06 20:41:32.287 18367 18367 W ChartDebug: Empty range! Size=3347 Start=2872 End=2872 Viewport=1767658780993..1767669580993 Search=1767656620993..1767671740993
01-06 20:41:32.296 18367 18367 W ChartDebug: Empty range! Size=3347 Start=2872 End=2872 Viewport=1767658766338..1767669566338 Search=1767656606338..1767671726338
01-06 20:41:32.304 18367 18367 W ChartDebug: Empty range! Size=3347 Start=2872 End=2872 Viewport=1767658754210..1767669554210 Search=1767656594210..1767671714210
01-06 20:41:32.315 18367 18367 W ChartDebug: Empty range! Size=3347 Start=2872 End=2872 Viewport=1767658742870..1767669542870 Search=1767656582870..1767671702870
01-06 20:41:32.327 18367 18367 W ChartDebug: Empty range! Size=3347 Start=2872 End=2872 Viewport=1767658730991..1767669530991 Search=1767656570991..1767671690991
01-06 20:41:32.336 18367 18367 W ChartDebug: Empty range! Size=3347 Start=2872 End=2872 Viewport=1767658721160..1767669521160 Search=1767656561160..1767671681160
01-06 20:41:32.344 18367 18367 W ChartDebug: Empty range! Size=3347 Start=2872 End=2872 Viewport=1767658711968..1767669511968 Search=1767656551968..1767671671968
01-06 20:41:32.349 18367 18367 W ChartDebug: Empty range! Size=3347 Start=2872 End=2872 Viewport=1767658702340..1767669502340 Search=1767656542340..1767671662340
01-06 20:41:32.355 18367 18367 W ChartDebug: Empty range! Size=3347 Start=2872 End=2872 Viewport=1767658694371..1767669494371 Search=1767656534371..1767671654371
01-06 20:41:32.363 18367 18367 W ChartDebug: Empty range! Size=3347 Start=2872 End=2872 Viewport=1767658686921..1767669486921 Search=1767656526921..1767671646921
01-06 20:41:32.372 18367 18367 W ChartDebug: Empty range! Size=3347 Start=2872 End=2872 Viewport=1767658679116..1767669479116 Search=1767656519116..1767671639116
01-06 20:41:32.381 18367 18367 W ChartDebug: Empty range! Size=3347 Start=2872 End=2872 Viewport=1767658672657..1767669472657 Search=1767656512657..1767671632657
01-06 20:41:32.389 18367 18367 W ChartDebug: Empty range! Size=3347 Start=2872 End=2872 Viewport=1767658666618..1767669466618 Search=1767656506618..1767671626618
01-06 20:41:32.397 18367 18367 W ChartDebug: Empty range! Size=3347 Start=2872 End=2872 Viewport=1767658660291..1767669460291 Search=1767656500291..1767671620291
01-06 20:41:32.405 18367 18367 W ChartDebug: Empty range! Size=3347 Start=2872 End=2872 Viewport=1767658655055..1767669455055 Search=1767656495055..1767671615055
01-06 20:41:32.413 18367 18367 W ChartDebug: Empty range! Size=3347 Start=2872 End=2872 Viewport=1767658650160..1767669450160 Search=1767656490160..1767671610160
01-06 20:41:32.423 18367 18367 W ChartDebug: Empty range! Size=3347 Start=2872 End=2872 Viewport=1767658645032..1767669445032 Search=1767656485032..1767671605032
01-06 20:41:32.447 18367 18374 I codata.ng.debug: Background young concurrent mark compact GC freed 26MB AllocSpace bytes, 0(0B) LOS objects, 71% free, 10MB/37MB, paused 148us,10.256ms total 43.404ms
01-06 20:41:32.448 18367 18367 W ChartDebug: Empty range! Size=3347 Start=2872 End=2872 Viewport=1767658636820..1767669436820 Search=1767656476820..1767671596820
01-06 20:41:32.454 18367 18367 W ChartDebug: Empty range! Size=3347 Start=2872 End=2872 Viewport=1767658632663..1767669432663 Search=1767656472663..1767671592663
01-06 20:41:32.463 18367 18367 W ChartDebug: Empty range! Size=3347 Start=2872 End=2872 Viewport=1767658629223..1767669429223 Search=1767656469223..1767671589223
01-06 20:41:32.468 18367 18367 W ChartDebug: Empty range! Size=3347 Start=2872 End=2872 Viewport=1767658626007..1767669426007 Search=1767656466007..1767671586007
01-06 20:41:32.476 18367 18367 W ChartDebug: Empty range! Size=3347 Start=2872 End=2872 Viewport=1767658622638..1767669422638 Search=1767656462638..1767671582638
01-06 20:41:32.483 18367 18367 W ChartDebug: Empty range! Size=3347 Start=2872 End=2872 Viewport=1767658619850..1767669419850 Search=1767656459850..1767671579850
01-06 20:41:32.492 18367 18367 W ChartDebug: Empty range! Size=3347 Start=2872 End=2872 Viewport=1767658617243..1767669417243 Search=1767656457243..1767671577243
01-06 20:41:32.500 18367 18367 W ChartDebug: Empty range! Size=3347 Start=2872 End=2872 Viewport=1767658614512..1767669414512 Search=1767656454512..1767671574512
01-06 20:41:32.507 18367 18367 W ChartDebug: Empty range! Size=3347 Start=2872 End=2872 Viewport=1767658612252..1767669412252 Search=1767656452252..1767671572252
01-06 20:41:32.514 18367 18367 W ChartDebug: Empty range! Size=3347 Start=2872 End=2872 Viewport=1767658610139..1767669410139 Search=1767656450139..1767671570139
01-06 20:41:32.522 18367 18367 W ChartDebug: Empty range! Size=3347 Start=2872 End=2872 Viewport=1767658607926..1767669407926 Search=1767656447926..1767671567926
